mode: set
main/internal/handlers/order.go:19.72,23.2 1 1
main/internal/handlers/order.go:25.55,28.47 2 1
main/internal/handlers/order.go:28.47,30.3 1 0
main/internal/handlers/order.go:32.2,32.21 1 1
main/internal/handlers/order.go:32.21,34.3 1 0
main/internal/handlers/order.go:35.2,35.22 1 1
main/internal/handlers/order.go:35.22,37.3 1 0
main/internal/handlers/order.go:39.2,40.16 2 1
main/internal/handlers/order.go:40.16,42.3 1 0
main/internal/handlers/order.go:44.2,51.3 1 1
main/internal/handlers/order.go:54.58,56.16 2 0
main/internal/handlers/order.go:56.16,58.3 1 0
main/internal/handlers/order.go:60.2,61.16 2 0
main/internal/handlers/order.go:61.16,63.3 1 0
main/internal/handlers/order.go:65.2,65.58 1 0
main/internal/handlers/order.go:68.55,71.44 2 1
main/internal/handlers/order.go:71.44,73.3 1 1
main/internal/handlers/order.go:75.2,76.16 2 1
main/internal/handlers/order.go:76.16,78.3 1 0
main/internal/handlers/order.go:80.2,80.56 1 1
main/internal/handlers/order.go:83.61,86.16 2 0
main/internal/handlers/order.go:86.16,88.3 1 0
main/internal/handlers/order.go:90.2,91.18 2 0
main/internal/handlers/order.go:91.18,93.3 1 0
main/internal/handlers/order.go:95.2,96.16 2 0
main/internal/handlers/order.go:96.16,97.45 1 0
main/internal/handlers/order.go:97.45,99.4 1 0
main/internal/handlers/order.go:100.3,100.55 1 0
main/internal/handlers/order.go:103.2,103.79 1 0
main/internal/handlers/order.go:103.79,105.3 1 0
main/internal/handlers/order.go:107.2,107.56 1 0
main/internal/handlers/order_event.go:15.92,17.2 1 0
main/internal/handlers/order_event.go:19.66,22.44 2 0
main/internal/handlers/order_event.go:22.44,24.3 1 0
main/internal/handlers/order_event.go:26.2,27.16 2 0
main/internal/handlers/order_event.go:27.16,29.3 1 0
main/internal/handlers/order_event.go:31.2,31.60 1 0
main/internal/handlers/report.go:19.76,23.2 1 1
main/internal/handlers/report.go:25.59,27.19 2 1
main/internal/handlers/report.go:27.19,29.3 1 1
main/internal/handlers/report.go:31.2,32.16 2 1
main/internal/handlers/report.go:32.16,34.3 1 1
main/internal/handlers/report.go:36.2,37.16 2 1
main/internal/handlers/report.go:37.16,38.45 1 1
main/internal/handlers/report.go:38.45,40.4 1 1
main/internal/handlers/report.go:41.3,41.55 1 0
main/internal/handlers/report.go:44.2,44.59 1 1
main/internal/handlers/report.go:47.62,49.44 2 1
main/internal/handlers/report.go:49.44,51.3 1 0
main/internal/handlers/report.go:53.2,53.20 1 1
main/internal/handlers/report.go:53.20,55.3 1 1
main/internal/handlers/report.go:57.2,58.16 2 1
main/internal/handlers/report.go:58.16,60.3 1 1
main/internal/handlers/report.go:62.2,63.16 2 1
main/internal/handlers/report.go:63.16,65.3 1 0
main/internal/handlers/report.go:67.2,67.59 1 1
